CEILING R=192 plain (no 2pass) #1 t=6 R=192 decode=51.604687 sd=3.271835 wall=9s peak_swap=2635MB  mean_clk cpu0=2.95GHz cpu6=4.00GHz
   temporal-pool: fetches=0 fetched_mib=0.0 evictions=0 tensors=135 hook_calls=0 hook_miss=0 avg_fetch_us=0.0 qwait_hi_us=0.0 wait_ms=0.0 odirect=1 
   !! 2635 MB swapped -- this arm did NOT fit in RAM, treat the number as void
CEILING R=192 same-policy #2     t=6 R=192 decode=38.599674 sd=5.179336 wall=9s peak_swap=0MB  mean_clk cpu0=2.77GHz cpu6=4.20GHz
   temporal-fetchprof: fetches=12444 syscalls/fetch=1.00 wall/fetch=397us sys/fetch=397us first_call=397us outside_sys=0us max_call=4476us short_rea
   temporal-pool: fetches=6222 fetched_mib=1312.5 evictions=19440 tensors=135 hook_calls=0 hook_miss=0 avg_fetch_us=794.7 qwait_hi_us=73.7 wait_ms=7
TEMPORAL Pixel cfg (t4) #3       t=4 R=18  decode=28.110258 sd=3.717117 wall=7s peak_swap=0MB  mean_clk cpu0=3.23GHz cpu6=3.64GHz
   temporal-fetchprof: fetches=43740 syscalls/fetch=1.00 wall/fetch=376us sys/fetch=376us first_call=376us outside_sys=0us max_call=14867us short_re
   temporal-pool: fetches=21870 fetched_mib=4613.2 evictions=19440 tensors=135 hook_calls=0 hook_miss=0 avg_fetch_us=752.2 qwait_hi_us=622.3 wait_ms
CEILING R=192 plain (no 2pass) #4 t=6 R=192 decode=62.743564 sd=2.3942 wall=7s peak_swap=0MB  mean_clk cpu0=2.63GHz cpu6=4.37GHz
   temporal-pool: fetches=0 fetched_mib=0.0 evictions=0 tensors=135 hook_calls=0 hook_miss=0 avg_fetch_us=0.0 qwait_hi_us=0.0 wait_ms=0.0 odirect=1 
CEILING R=192 same-policy #5     t=6 R=192 decode=35.911938 sd=0.617997 wall=9s peak_swap=0MB  mean_clk cpu0=2.75GHz cpu6=4.26GHz
   temporal-fetchprof: fetches=12444 syscalls/fetch=1.00 wall/fetch=511us sys/fetch=511us first_call=511us outside_sys=0us max_call=3620us short_rea
   temporal-pool: fetches=6222 fetched_mib=1312.5 evictions=19440 tensors=135 hook_calls=0 hook_miss=0 avg_fetch_us=1022.4 qwait_hi_us=67.4 wait_ms=
TEMPORAL Pixel cfg (t4) #6       t=4 R=18  decode=34.050282 sd=2.049423 wall=6s peak_swap=0MB  mean_clk cpu0=3.27GHz cpu6=3.89GHz
   temporal-fetchprof: fetches=43740 syscalls/fetch=1.00 wall/fetch=333us sys/fetch=333us first_call=333us outside_sys=0us max_call=7392us short_rea
   temporal-pool: fetches=21870 fetched_mib=4613.2 evictions=19440 tensors=135 hook_calls=0 hook_miss=0 avg_fetch_us=666.1 qwait_hi_us=594.4 wait_ms

=== summary (STOCK GOVERNOR -- not comparable to Pixel pinned numbers) ===
CEILING R=192 plain (no 2pass)   [51.6, 62.74]  mean=57.17
CEILING R=192 same-policy        [38.6, 35.91]  mean=37.26
TEMPORAL Pixel cfg (t4)          [28.11, 34.05]  mean=31.08
