CEILING R=192 plain (no 2pass) #1 t=6 R=192 decode=62.241285 sd=0.391736 wall=8s peak_swap=0MB
   temporal-pool: fetches=0 fetched_mib=0.0 evictions=0 tensors=135 hook_calls=0 hook_miss=0 avg_fetch_us=0.0 qwait_hi_us=0.0 wait_ms=0.0 odirect=1 
CEILING R=192 2pass, NOMADV #2   t=6 R=192 decode=41.03831 sd=7.322658 wall=9s peak_swap=0MB
   temporal-fetchprof: fetches=12444 syscalls/fetch=1.00 wall/fetch=549us sys/fetch=549us first_call=549us outside_sys=0us max_call=4235us short_rea
   temporal-pool: fetches=6222 fetched_mib=1312.5 evictions=19440 tensors=135 hook_calls=0 hook_miss=0 avg_fetch_us=1097.5 qwait_hi_us=32.9 wait_ms=
CEILING R=192 enforce, 1-pass #3 t=6 R=192 decode=64.655944 sd=0.876489 wall=8s peak_swap=0MB
   temporal-pool: fetches=0 fetched_mib=0.0 evictions=0 tensors=135 hook_calls=0 hook_miss=0 avg_fetch_us=0.0 qwait_hi_us=0.0 wait_ms=0.0 odirect=1 
CEILING R=192 same-policy #4     t=6 R=192 decode=33.210306 sd=3.412498 wall=10s peak_swap=0MB
   temporal-fetchprof: fetches=12444 syscalls/fetch=1.00 wall/fetch=525us sys/fetch=524us first_call=524us outside_sys=0us max_call=3767us short_rea
   temporal-pool: fetches=6222 fetched_mib=1312.5 evictions=19440 tensors=135 hook_calls=0 hook_miss=0 avg_fetch_us=1049.0 qwait_hi_us=67.1 wait_ms=
TEMPORAL Pixel cfg (t4) #5       t=4 R=18  decode=33.403174 sd=3.928165 wall=6s peak_swap=0MB
   temporal-fetchprof: fetches=43740 syscalls/fetch=1.00 wall/fetch=332us sys/fetch=332us first_call=332us outside_sys=0us max_call=12652us short_re
   temporal-pool: fetches=21870 fetched_mib=4613.2 evictions=19440 tensors=135 hook_calls=0 hook_miss=0 avg_fetch_us=663.8 qwait_hi_us=627.2 wait_ms
CEILING R=192 plain (no 2pass) #6 t=6 R=192 decode=63.023419 sd=0.727133 wall=8s peak_swap=0MB
   temporal-pool: fetches=0 fetched_mib=0.0 evictions=0 tensors=135 hook_calls=0 hook_miss=0 avg_fetch_us=0.0 qwait_hi_us=0.0 wait_ms=0.0 odirect=1 

=== summary (STOCK GOVERNOR -- not comparable to Pixel pinned numbers) ===
CEILING R=192 plain (no 2pass)   [62.24, 63.02]  mean=62.63
CEILING R=192 2pass, NOMADV      [41.04]  mean=41.04
CEILING R=192 enforce, 1-pass    [64.66]  mean=64.66
CEILING R=192 same-policy        [33.21]  mean=33.21
TEMPORAL Pixel cfg (t4)          [33.4]  mean=33.40
