[01:04:55] starting sweep, battery=81%
[01:04:55] === PHASE A: all-resident ceiling (--mmap 0) ===
[01:04:55] RUN ceiling_mmap0_r0: {'cache': 'cold', 'extra': '--mmap 0', 'threads': 6, 'ubatch': 64, 'batch': 512, 'ngl': 0, 'ctx': 1024, 'ngen': 128, 'reps': 5, 'pin': None, 'backend': 'cpu'}
    cooling... clocks={0: 3398400, 6: 3859200, 7: 3859200} thermal=1 (0s)
[01:07:06]   -> ceiling_mmap0_r0: decode=30.222295 +-0.074259 prefill=43.113653 status=degraded_clock_42pct resident=0.0%
[01:07:06] RUN ceiling_mmap0_r1: {'cache': 'cold', 'extra': '--mmap 0', 'threads': 6, 'ubatch': 64, 'batch': 512, 'ngl': 0, 'ctx': 1024, 'ngen': 128, 'reps': 5, 'pin': None, 'backend': 'cpu'}
    cooling... clocks={0: 1996800, 6: 1977600, 7: 1977600} thermal=1 (0s)
    cooling... clocks={0: 2496000, 6: 2438400, 7: 2438400} thermal=1 (20s)
    cooling... clocks={0: 3513600, 6: 3974400, 7: 3974400} thermal=1 (40s)
[01:09:58]   -> ceiling_mmap0_r1: decode=29.737818 +-0.683151 prefill=43.072387 status=degraded_clock_39pct resident=0.0%
[01:09:58] RUN ceiling_mmap0_r2: {'cache': 'cold', 'extra': '--mmap 0', 'threads': 6, 'ubatch': 64, 'batch': 512, 'ngl': 0, 'ctx': 1024, 'ngen': 128, 'reps': 5, 'pin': None, 'backend': 'cpu'}
    cooling... clocks={0: 1785600, 6: 1747200, 7: 1747200} thermal=2 (0s)
    cooling... clocks={0: 3513600, 6: 4185600, 7: 4185600} thermal=2 (20s)
    cooling... clocks={0: 3628800, 6: 4742400, 7: 4742400} thermal=1 (40s)
[01:12:49]   -> ceiling_mmap0_r2: decode=29.563157 +-0.753896 prefill=42.918145 status=degraded_clock_37pct resident=0.0%
[01:12:49] CEILING decode=29.84 tok/s (inter-run spread 0.66), prefill=43.0
[01:12:49] === PHASE B: tiers (resident -> streamed) ===
[01:12:50] RUN mmap_warm: {'cache': 'warm', 'threads': 6, 'ubatch': 64, 'batch': 512, 'ngl': 0, 'ctx': 1024, 'ngen': 128, 'reps': 5, 'pin': None, 'backend': 'cpu'}
    cooling... clocks={0: 1900800, 6: 1862400, 7: 1862400} thermal=2 (0s)
    cooling... clocks={0: 3398400, 6: 3859200, 7: 3859200} thermal=2 (20s)
    cooling... clocks={0: 3628800, 6: 4742400, 7: 4742400} thermal=1 (40s)
    cooling... clocks={0: 3628800, 6: 4742400, 7: 4742400} thermal=1 (60s)
[01:24:17]   -> mmap_warm: decode=26.299943 +-9.50936 prefill=23.863374 status=degraded_clock_42pct resident=91.3%  (88.1% of ceiling)
[01:24:17] RUN mmap_cold: {'cache': 'cold', 'threads': 6, 'ubatch': 64, 'batch': 512, 'ngl': 0, 'ctx': 1024, 'ngen': 128, 'reps': 5, 'pin': None, 'backend': 'cpu'}
    cooling... clocks={0: 1996800, 6: 1977600, 7: 1977600} thermal=1 (0s)
    cooling... clocks={0: 3302400, 6: 3648000, 7: 3648000} thermal=1 (20s)
[01:35:48]   -> mmap_cold: decode=30.005549 +-1.022791 prefill=19.738899 status=degraded_clock_42pct resident=0.0%  (100.6% of ceiling)
[01:35:48] RUN direct_io: {'cache': 'cold', 'extra': '--direct-io 1', 'threads': 6, 'ubatch': 64, 'batch': 512, 'ngl': 0, 'ctx': 1024, 'ngen': 128, 'reps': 5, 'pin': None, 'backend': 'cpu'}
    cooling... clocks={0: 1996800, 6: 1977600, 7: 1977600} thermal=1 (0s)
    cooling... clocks={0: 3302400, 6: 3648000, 7: 3648000} thermal=1 (20s)
[01:38:20]   -> direct_io: decode=29.532995 +-0.069067 prefill=42.980611 status=degraded_clock_42pct resident=0.0%  (99.0% of ceiling)
[01:38:20] === PHASE C: memory-pressure residency sweep ===
    cooling... clocks={0: 1996800, 6: 1977600, 7: 1977600} thermal=1 (0s)
    cooling... clocks={0: 2227200, 6: 2227200, 7: 2227200} thermal=1 (20s)
    cooling... clocks={0: 3398400, 6: 3859200, 7: 3859200} thermal=1 (40s)
[01:39:40]   balloon 2000 MiB -> residency 0.1%, MemAvailable 6678916 kB
[01:51:02]   -> pressure_2000mib: decode=27.85318 +-7.038144 prefill=20.09475 status=degraded_clock_42pct resident=82.1%  (93.3% of ceiling)
    cooling... clocks={0: 2112000, 6: 2112000, 7: 2112000} thermal=1 (0s)
    cooling... clocks={0: 3398400, 6: 3859200, 7: 3859200} thermal=1 (20s)
[01:52:02]   balloon 3000 MiB -> residency 29.6%, MemAvailable 5455248 kB
[02:04:25]   -> pressure_3000mib: decode=19.590067 +-15.464385 prefill=17.027456 status=degraded_clock_47pct resident=62.8%  (65.6% of ceiling)
    cooling... clocks={0: 2227200, 6: 2227200, 7: 2227200} thermal=0 (0s)
    cooling... clocks={0: 2899200, 6: 2880000, 7: 2880000} thermal=0 (20s)
    cooling... clocks={0: 3513600, 6: 4070400, 7: 4070400} thermal=0 (40s)
[02:05:45]   balloon 4000 MiB -> residency 26.4%, MemAvailable 4489492 kB
[02:17:37]   -> pressure_4000mib: decode=25.377448 +-12.138475 prefill=15.435034 status=degraded_clock_47pct resident=52.2%  (85.0% of ceiling)
    cooling... clocks={0: 2227200, 6: 2227200, 7: 2227200} thermal=0 (0s)
    cooling... clocks={0: 2745600, 6: 2668800, 7: 2668800} thermal=0 (20s)
    cooling... clocks={0: 3398400, 6: 3859200, 7: 3859200} thermal=0 (40s)
[02:18:58]   balloon 5000 MiB -> residency 29.9%, MemAvailable 3624656 kB
[02:32:15]   -> pressure_5000mib: decode=18.952827 +-15.833767 prefill=17.762803 status=degraded_clock_47pct resident=41.5%  (63.5% of ceiling)
[02:32:15] === PHASE D: levers ===
[02:32:15] RUN threads_2: {'threads': 2, 'ubatch': 64, 'batch': 512, 'ngl': 0, 'ctx': 1024, 'ngen': 128, 'reps': 5, 'pin': None, 'backend': 'cpu', 'cache': 'warm'}
    cooling... clocks={0: 2227200, 6: 2227200, 7: 2227200} thermal=0 (0s)
    cooling... clocks={0: 2899200, 6: 2880000, 7: 2880000} thermal=0 (20s)
    cooling... clocks={0: 3513600, 6: 3974400, 7: 3974400} thermal=0 (40s)
[02:35:25]   -> threads_2: decode=24.463987 +-1.35222 prefill=42.405972 status=degraded_clock_42pct resident=92.3%  (82.0% of ceiling)
[02:35:25] RUN threads_4: {'threads': 4, 'ubatch': 64, 'batch': 512, 'ngl': 0, 'ctx': 1024, 'ngen': 128, 'reps': 5, 'pin': None, 'backend': 'cpu', 'cache': 'warm'}
    cooling... clocks={0: 1996800, 6: 1977600, 7: 1977600} thermal=1 (0s)
    cooling... clocks={0: 3398400, 6: 3859200, 7: 3859200} thermal=1 (20s)
[02:55:15]   -> threads_4: decode=12.555051 +-15.509614 prefill=9.533075 status=degraded_clock_47pct resident=98.9%  (42.1% of ceiling)
[02:55:15] RUN threads_8: {'threads': 8, 'ubatch': 64, 'batch': 512, 'ngl': 0, 'ctx': 1024, 'ngen': 128, 'reps': 5, 'pin': None, 'backend': 'cpu', 'cache': 'warm'}
    cooling... clocks={0: 2745600, 6: 2668800, 7: 2668800} thermal=0 (0s)
    cooling... clocks={0: 3513600, 6: 4185600, 7: 4185600} thermal=0 (20s)
[03:34:19]   -> threads_8: decode=13.543 +-17.620508 prefill=11.064907 status=degraded_clock_47pct resident=86.3%  (45.4% of ceiling)
[03:34:19] RUN pin_prime_c0_t2: {'threads': 2, 'pin': 'c0', 'ubatch': 64, 'batch': 512, 'ngl': 0, 'ctx': 1024, 'ngen': 128, 'reps': 5, 'backend': 'cpu', 'cache': 'warm'}
    cooling... clocks={0: 3187200, 6: 3129600, 7: 3129600} thermal=0 (0s)
    cooling... clocks={0: 3628800, 6: 4512000, 7: 4512000} thermal=0 (20s)
